components/appikorn-components/avatar_appi/avatar_appi.tsx(2,24): error TS2307: Cannot find module '@heroui/avatar' or its corresponding type declarations.
components/appikorn-components/charts/area_chart/area_chart.tsx(3,29): error TS2307: Cannot find module 'apexcharts' or its corresponding type declarations.
components/appikorn-components/charts/area_chart/area_chart.tsx(6,20): error TS2307: Cannot find module 'lottie-react' or its corresponding type declarations.
components/appikorn-components/charts/area_chart/area_chart.tsx(11,30): error TS2307: Cannot find module '@/public/assets/common/animation/graph_loading_anim.json' or its corresponding type declarations.
components/appikorn-components/charts/area_chart/area_chart.tsx(14,36): error TS2307: Cannot find module 'react-apexcharts' or its corresponding type declarations.
components/appikorn-components/charts/area_chart/area_chart.tsx(235,25): error TS7006: Parameter 'opts' implicitly has an 'any' type.
components/appikorn-components/charts/area_chart/area_chart.tsx(290,11): error TS2322: Type '{ height: string | number; options: ApexOptions; series: { name: string; data: number[]; }[]; type: string; width: number | undefined; }' is not assignable to type 'IntrinsicAttributes'.
  Property 'height' does not exist on type 'IntrinsicAttributes'.
components/appikorn-components/charts/bar_chart/horizondal_bar_chart/horizontal_bar_chart.tsx(5,29): error TS2307: Cannot find module 'apexcharts' or its corresponding type declarations.
components/appikorn-components/charts/bar_chart/horizondal_bar_chart/horizontal_bar_chart.tsx(6,20): error TS2307: Cannot find module 'lottie-react' or its corresponding type declarations.
components/appikorn-components/charts/bar_chart/horizondal_bar_chart/horizontal_bar_chart.tsx(8,28): error TS2307: Cannot find module '@/public/assets/common/animation/pdf_loading_anim.json' or its corresponding type declarations.
components/appikorn-components/charts/bar_chart/horizondal_bar_chart/horizontal_bar_chart.tsx(10,36): error TS2307: Cannot find module 'react-apexcharts' or its corresponding type declarations.
components/appikorn-components/charts/bar_chart/horizondal_bar_chart/horizontal_bar_chart.tsx(109,19): error TS7006: Parameter 'val' implicitly has an 'any' type.
components/appikorn-components/charts/bar_chart/horizondal_bar_chart/horizontal_bar_chart.tsx(109,26): error TS7031: Binding element 'seriesIndex' implicitly has an 'any' type.
components/appikorn-components/charts/bar_chart/horizondal_bar_chart/horizontal_bar_chart.tsx(157,27): error TS7031: Binding element 'series' implicitly has an 'any' type.
components/appikorn-components/charts/bar_chart/horizondal_bar_chart/horizontal_bar_chart.tsx(157,35): error TS7031: Binding element 'seriesIndex' implicitly has an 'any' type.
components/appikorn-components/charts/bar_chart/horizondal_bar_chart/horizontal_bar_chart.tsx(157,48): error TS7031: Binding element 'dataPointIndex' implicitly has an 'any' type.
components/appikorn-components/charts/bar_chart/horizondal_bar_chart/horizontal_bar_chart.tsx(157,64): error TS7031: Binding element 'w' implicitly has an 'any' type.
components/appikorn-components/charts/bar_chart/horizondal_bar_chart/horizontal_bar_chart.tsx(178,7): error TS2322: Type '{ height: string | number; options: ApexOptions; series: { data: number[]; }[]; type: string; width: string | number; }' is not assignable to type 'IntrinsicAttributes'.
  Property 'height' does not exist on type 'IntrinsicAttributes'.
components/appikorn-components/charts/donut_chart/donut_chart.tsx(3,29): error TS2307: Cannot find module 'apexcharts' or its corresponding type declarations.
components/appikorn-components/charts/donut_chart/donut_chart.tsx(6,20): error TS2307: Cannot find module 'lottie-react' or its corresponding type declarations.
components/appikorn-components/charts/donut_chart/donut_chart.tsx(13,28): error TS2307: Cannot find module '@/public/assets/common/animation/pdf_loading_anim.json' or its corresponding type declarations.
components/appikorn-components/charts/donut_chart/donut_chart.tsx(16,36): error TS2307: Cannot find module 'react-apexcharts' or its corresponding type declarations.
components/appikorn-components/charts/donut_chart/donut_chart.tsx(268,27): error TS7006: Parameter 'val' implicitly has an 'any' type.
components/appikorn-components/charts/donut_chart/donut_chart.tsx(319,21): error TS7006: Parameter 'val' implicitly has an 'any' type.
components/appikorn-components/charts/donut_chart/donut_chart.tsx(396,11): error TS2322: Type '{ height: string | number; options: ApexOptions; series: number[]; type: string; width: number | undefined; }' is not assignable to type 'IntrinsicAttributes'.
  Property 'height' does not exist on type 'IntrinsicAttributes'.
components/appikorn-components/date_picker_appi/date_picker_appi.tsx(2,28): error TS2307: Cannot find module '@heroui/date-picker' or its corresponding type declarations.
components/appikorn-components/date_picker_appi/date_picker_appi.tsx(278,27): error TS7006: Parameter 'date' implicitly has an 'any' type.
components/appikorn-components/date_picker_appi/date_picker_appi.tsx(290,16): error TS7006: Parameter 'e' implicitly has an 'any' type.
components/appikorn-components/date_picker_appi/date_picker_appi.tsx(336,17): error TS7006: Parameter 'e' implicitly has an 'any' type.
components/appikorn-components/date_range_picker_appi/date_range_picker.tsx(2,33): error TS2307: Cannot find module '@heroui/date-picker' or its corresponding type declarations.
components/appikorn-components/date_range_picker_appi/date_range_picker.tsx(210,18): error TS7006: Parameter 'e' implicitly has an 'any' type.
components/appikorn-components/date_range_picker_appi/date_range_picker.tsx(231,19): error TS7006: Parameter 'e' implicitly has an 'any' type.
components/appikorn-components/dropdown_appi/dropdown_appi.tsx(2,36): error TS2307: Cannot find module '@heroui/select' or its corresponding type declarations.
components/appikorn-components/dropdown_chips_appi/dropdown_chips_appi.tsx(2,36): error TS2307: Cannot find module '@heroui/select' or its corresponding type declarations.
components/appikorn-components/dropdown_chips_appi/dropdown_chips_appi.tsx(3,22): error TS2307: Cannot find module '@heroui/chip' or its corresponding type declarations.
components/appikorn-components/dropdown_chips_appi/dropdown_chips_appi.tsx(318,20): error TS7006: Parameter 'e' implicitly has an 'any' type.
components/appikorn-components/dropdown_chips_appi/dropdown_chips_appi.tsx(328,21): error TS7006: Parameter 'e' implicitly has an 'any' type.
components/appikorn-components/email_appi/email_appi.tsx(33,24): error TS2307: Cannot find module '@heroui/avatar' or its corresponding type declarations.
components/appikorn-components/email_appi/email_appi.tsx(35,25): error TS2307: Cannot find module '@heroui/tooltip' or its corresponding type declarations.
components/appikorn-components/input_appi/input_appi.tsx(2,23): error TS2307: Cannot find module '@heroui/input' or its corresponding type declarations.
components/appikorn-components/multi_date_picker_appi/multi_date_picker_appi.tsx(5,26): error TS2307: Cannot find module '@heroui/calendar' or its corresponding type declarations.
components/appikorn-components/table/table_appi.tsx(4,28): error TS2307: Cannot find module '@heroui/pagination' or its corresponding type declarations.
components/appikorn-components/table/table_appi.tsx(5,36): error TS2307: Cannot find module '@heroui/select' or its corresponding type declarations.
components/appikorn-components/table/table_appi.tsx(15,8): error TS2307: Cannot find module '@heroui/table' or its corresponding type declarations.
components/appikorn-components/table/table_appi.tsx(439,11): error TS2322: Type '{ size: string; color: string; classNames: { wrapper: string; circle1: string; circle2: string; }; }' is not assignable to type 'IntrinsicAttributes & MergeWithAs<Omit<DetailedHTMLProps<HTMLAttributes<HTMLDivElement>, HTMLDivElement>, "ref">, Omit<...>, SpinnerProps, "div">'.
  Property 'size' does not exist on type 'IntrinsicAttributes & MergeWithAs<Omit<DetailedHTMLProps<HTMLAttributes<HTMLDivElement>, HTMLDivElement>, "ref">, Omit<...>, SpinnerProps, "div">'.
components/appikorn-components/table/table_appi.tsx(631,41): error TS7006: Parameter 'keys' implicitly has an 'any' type.
components/appikorn-components/table/table_top_content_one_appi.tsx(6,23): error TS2307: Cannot find module '@heroui/input' or its corresponding type declarations.
components/appikorn-components/table/table_top_content_one_appi.tsx(13,8): error TS2307: Cannot find module '@heroui/dropdown' or its corresponding type declarations.
components/appikorn-components/table/table_top_content_one_appi.tsx(157,21): error TS7006: Parameter 'e' implicitly has an 'any' type.
components/appikorn-components/tabs_appi/tabs_appi.tsx(2,27): error TS2307: Cannot find module '@heroui/tabs' or its corresponding type declarations.
components/appikorn-components/text_chips_appi/text_chips_appi.tsx(2,23): error TS2307: Cannot find module '@heroui/input' or its corresponding type declarations.
components/appikorn-components/text_chips_appi/text_chips_appi.tsx(3,22): error TS2307: Cannot find module '@heroui/chip' or its corresponding type declarations.
components/appikorn-components/text_chips_appi/text_chips_appi.tsx(221,20): error TS7006: Parameter 'e' implicitly has an 'any' type.
components/appikorn-components/text_chips_appi/text_chips_appi.tsx(230,22): error TS7006: Parameter 'e' implicitly has an 'any' type.
components/appikorn-components/text_chips_appi/text_chips_appi.tsx(231,21): error TS7006: Parameter 'e' implicitly has an 'any' type.
components/appikorn-components/textarea_appi/textarea_appi.tsx(3,26): error TS2307: Cannot find module '@heroui/input' or its corresponding type declarations.
components/appikorn-components/toast_appi/toast_appi.tsx(3,32): error TS2307: Cannot find module '@heroui/card' or its corresponding type declarations.
components/appikorn-components/toast_appi/toast_demo.tsx(4,44): error TS2307: Cannot find module '@heroui/card' or its corresponding type declarations.
components/appikorn-components/toggle_appi/toggle_appi.tsx(2,24): error TS2307: Cannot find module '@heroui/switch' or its corresponding type declarations.
components/theme-switch.tsx(5,40): error TS2307: Cannot find module '@heroui/switch' or its corresponding type declarations.
components/theme-switch.tsx(6,26): error TS2307: Cannot find module 'next-themes' or its corresponding type declarations.
components/theme-switch.tsx(10,47): error TS2307: Cannot find module '@/components/icons' or its corresponding type declarations.
core/common_functions.tsx(2,28): error TS2307: Cannot find module '@/components/global-components/image_http' or its corresponding type declarations.
core/common_functions.tsx(3,24): error TS2307: Cannot find module '@/config/assets' or its corresponding type declarations.
core/common_functions.tsx(119,50): error TS2307: Cannot find module '@/core/ftp' or its corresponding type declarations.
core/common_functions.tsx(170,50): error TS2307: Cannot find module '@/core/ftp' or its corresponding type declarations.
core/utility.ts(4,10): error TS2724: '"zustand/shallow"' has no exported member named 'useShallow'. Did you mean 'shallow'?
core/utility.ts(120,27): error TS2307: Cannot find module 'lodash' or its corresponding type declarations.
core/utility.ts(461,12): error TS7006: Parameter 'objValue' implicitly has an 'any' type.
core/utility.ts(461,22): error TS7006: Parameter 'srcValue' implicitly has an 'any' type.
